../Core/Src/main.c:110:5:main	8	static
../Core/Src/main.c:203:6:StartSMTask	144	static
../Core/Src/main.c:261:6:StartUploadedWPTask	88	static
../Core/Src/main.c:297:6:StartGyroTask	192	static
../Core/Src/main.c:342:6:displayScreen	16	static
../Core/Src/main.c:352:6:displayTwoLines	16	static
../Core/Src/main.c:375:6:SystemClock_Config	88	static
../Core/Src/main.c:417:13:MX_I2C1_Init	8	static
../Core/Src/main.c:451:13:MX_I2C2_Init	8	static
../Core/Src/main.c:485:13:MX_USART2_UART_Init	8	static
../Core/Src/main.c:518:13:MX_GPIO_Init	16	static
../Core/Src/main.c:544:6:StartDefaultTask	16	static
../Core/Src/main.c:559:6:Error_Handler	4	static,ignoring_inline_asm
