../Core/Src/main.c:93:5:main	1
../Core/Src/main.c:175:6:HAL_UART_RxCpltCallback	3
../Core/Src/main.c:188:6:HAL_TIM_IC_CaptureCallback	9
../Core/Src/main.c:231:6:SystemClock_Config	3
../Core/Src/main.c:273:13:MX_I2C1_Init	2
../Core/Src/main.c:307:13:MX_I2C2_Init	2
../Core/Src/main.c:341:13:MX_TIM2_Init	4
../Core/Src/main.c:389:13:MX_TIM3_Init	4
../Core/Src/main.c:438:13:MX_USART1_UART_Init	2
../Core/Src/main.c:471:13:MX_USART2_UART_Init	2
../Core/Src/main.c:504:13:MX_GPIO_Init	1
../Core/Src/main.c:530:6:StartDefaultTask	1
../Core/Src/main.c:545:6:Error_Handler	1
