../Core/Src/main.c:95:5:main	1
../Core/Src/main.c:178:6:HAL_UART_RxCpltCallback	4
../Core/Src/main.c:196:6:HAL_TIM_IC_CaptureCallback	9
../Core/Src/main.c:239:6:SystemClock_Config	3
../Core/Src/main.c:281:13:MX_I2C1_Init	2
../Core/Src/main.c:315:13:MX_I2C2_Init	2
../Core/Src/main.c:349:13:MX_TIM2_Init	4
../Core/Src/main.c:397:13:MX_TIM3_Init	4
../Core/Src/main.c:446:13:MX_USART1_UART_Init	2
../Core/Src/main.c:479:13:MX_USART2_UART_Init	2
../Core/Src/main.c:512:13:MX_USART6_UART_Init	2
../Core/Src/main.c:545:13:MX_GPIO_Init	1
../Core/Src/main.c:572:6:StartDefaultTask	1
../Core/Src/main.c:587:6:Error_Handler	1
