../Core/Src/main.c:89:5:main	8	static
../Core/Src/main.c:171:6:HAL_TIM_IC_CaptureCallback	24	static
../Core/Src/main.c:214:6:SystemClock_Config	88	static
../Core/Src/main.c:256:13:MX_I2C1_Init	8	static
../Core/Src/main.c:290:13:MX_I2C2_Init	8	static
../Core/Src/main.c:324:13:MX_TIM2_Init	32	static
../Core/Src/main.c:372:13:MX_TIM3_Init	48	static
../Core/Src/main.c:421:13:MX_USART2_UART_Init	8	static
../Core/Src/main.c:454:13:MX_GPIO_Init	16	static
../Core/Src/main.c:480:6:StartDefaultTask	16	static
../Core/Src/main.c:495:6:Error_Handler	4	static,ignoring_inline_asm
