../Core/Src/serialManager.c:28:13:rb_push	24	static
../Core/Src/serialManager.c:39:16:rb_pop	16	static
../Core/Src/serialManager.c:47:17:rb_count	4	static
../Core/Src/serialManager.c:53:6:SM_Init	16	static
../Core/Src/serialManager.c:66:6:SM_Start	144	static
../Core/Src/serialManager.c:107:9:SM_GotDisconnect	4	static
../Core/Src/serialManager.c:116:9:SM_IsConnected	4	static
../Core/Src/serialManager.c:122:19:SM_SendBytes	16	static
../Core/Src/serialManager.c:129:19:SM_SendString	16	static
../Core/Src/serialManager.c:135:10:SM_Available	8	static
../Core/Src/serialManager.c:140:9:SM_ReadByte	16	static
../Core/Src/serialManager.c:147:10:SM_ReadLine	32	static
../Core/Src/serialManager.c:182:9:SM_GotConnect	4	static
../Core/Src/serialManager.c:190:6:SM_CheckTimeout	16	static
../Core/Src/serialManager.c:206:6:SM_RxCpltCallback	24	static
