../Core/Src/serialManager.c:21:13:rb_push	24	static
../Core/Src/serialManager.c:32:16:rb_pop	16	static
../Core/Src/serialManager.c:40:17:rb_count	4	static
../Core/Src/serialManager.c:46:6:SM_Init	16	static
../Core/Src/serialManager.c:60:6:SM_Start	136	static
../Core/Src/serialManager.c:105:9:SM_GotDisconnect	4	static
../Core/Src/serialManager.c:114:9:SM_IsConnected	4	static
../Core/Src/serialManager.c:120:19:SM_SendBytes	16	static
../Core/Src/serialManager.c:127:19:SM_SendString	16	static
../Core/Src/serialManager.c:133:10:SM_Available	8	static
../Core/Src/serialManager.c:138:9:SM_ReadByte	16	static
../Core/Src/serialManager.c:145:10:SM_ReadLine	32	static
../Core/Src/serialManager.c:180:9:SM_GotConnect	4	static
../Core/Src/serialManager.c:190:6:SM_RxCpltCallback	24	static
../Core/Src/serialManager.c:239:6:HAL_UART_RxCpltCallback	16	static
